[   87118ms] [ERROR] Failed to load resource: the server responded with a status of 413 () @ https://www.google-analytics.com/g/collect?v=2&tid=G-1CD1CPGEYF&gtm=45je67o1h1v9218910579za200zd9218910579&_p=1785219952270&gcd=13l3l3l3l1l1&npa=0&dma=0&_eu=AAAAAAQ&are=1&cid=1122440174.1785020327&frm=0&ngs=1&pscdl=noapi&rcb=12&sr=1536x864&uaa=x86&uab=64&uafvl=Not%253BA%253DBrand%3B8.0.0.0%7CChromium%3B150.0.7871.184%7CGoogle%2520Chrome%3B150.0.7871.184&uam=&uamb=0&uap=Windows&uapv=19.0.0&uaw=0&ul=en-us&tag_exp=115938465~115938469~118897920~118897930~119896802&sid=1785214649&sct=2&seg=1&dl=https%3A%2F%2Fstitch.withgoogle.com%2Fprojects%2F1243543008020951016&dt=Stitch%20-%20Projects&_s=3&tfd=14732:0
[  114203ms] [WARNING] cdn.tailwindcss.com should not be used in production. To use Tailwind CSS in production, install it as a PostCSS plugin or use the Tailwind CLI: https://tailwindcss.com/docs/installation @ https://cdn.tailwindcss.com/?plugins=forms,container-queries:63
[  154843ms] [WARNING] cdn.tailwindcss.com should not be used in production. To use Tailwind CSS in production, install it as a PostCSS plugin or use the Tailwind CLI: https://tailwindcss.com/docs/installation @ https://cdn.tailwindcss.com/?plugins=forms,container-queries:63
[  155931ms] [WARNING] cdn.tailwindcss.com should not be used in production. To use Tailwind CSS in production, install it as a PostCSS plugin or use the Tailwind CLI: https://tailwindcss.com/docs/installation @ https://cdn.tailwindcss.com/?plugins=forms,container-queries:63
[  159379ms] [WARNING] cdn.tailwindcss.com should not be used in production. To use Tailwind CSS in production, install it as a PostCSS plugin or use the Tailwind CLI: https://tailwindcss.com/docs/installation @ https://cdn.tailwindcss.com/?plugins=forms,container-queries:63
[  165561ms] [WARNING] cdn.tailwindcss.com should not be used in production. To use Tailwind CSS in production, install it as a PostCSS plugin or use the Tailwind CLI: https://tailwindcss.com/docs/installation @ https://cdn.tailwindcss.com/?plugins=forms,container-queries:63
[  169467ms] [WARNING] [SSOT] Zero dimensions detected in UPDATE_INSTANCE: {id: 8e679586c01347e98083c4830b3738e1, updates: Object} @ https://app-companion-430619.appspot.com/assets/util-BcnQOj-A.js:450
[  169515ms] [WARNING] [SSOT] Zero dimensions detected in UPDATE_INSTANCE: {id: 8e679586c01347e98083c4830b3738e1, updates: Object} @ https://app-companion-430619.appspot.com/assets/util-BcnQOj-A.js:450
[  171420ms] [WARNING] cdn.tailwindcss.com should not be used in production. To use Tailwind CSS in production, install it as a PostCSS plugin or use the Tailwind CLI: https://tailwindcss.com/docs/installation @ https://cdn.tailwindcss.com/?plugins=forms,container-queries:63
[  181964ms] [WARNING] cdn.tailwindcss.com should not be used in production. To use Tailwind CSS in production, install it as a PostCSS plugin or use the Tailwind CLI: https://tailwindcss.com/docs/installation @ https://cdn.tailwindcss.com/?plugins=forms,container-queries:63
[  184604ms] [WARNING] cdn.tailwindcss.com should not be used in production. To use Tailwind CSS in production, install it as a PostCSS plugin or use the Tailwind CLI: https://tailwindcss.com/docs/installation @ https://cdn.tailwindcss.com/?plugins=forms,container-queries:63
[  188158ms] [WARNING] cdn.tailwindcss.com should not be used in production. To use Tailwind CSS in production, install it as a PostCSS plugin or use the Tailwind CLI: https://tailwindcss.com/docs/installation @ https://cdn.tailwindcss.com/?plugins=forms,container-queries:63
[  188643ms] [WARNING] cdn.tailwindcss.com should not be used in production. To use Tailwind CSS in production, install it as a PostCSS plugin or use the Tailwind CLI: https://tailwindcss.com/docs/installation @ https://cdn.tailwindcss.com/?plugins=forms,container-queries:63
[  267818ms] [WARNING] cdn.tailwindcss.com should not be used in production. To use Tailwind CSS in production, install it as a PostCSS plugin or use the Tailwind CLI: https://tailwindcss.com/docs/installation @ https://cdn.tailwindcss.com/?plugins=forms,container-queries:63
[  267829ms] [WARNING] cdn.tailwindcss.com should not be used in production. To use Tailwind CSS in production, install it as a PostCSS plugin or use the Tailwind CLI: https://tailwindcss.com/docs/installation @ https://cdn.tailwindcss.com/?plugins=forms,container-queries:63
[  284967ms] [WARNING] cdn.tailwindcss.com should not be used in production. To use Tailwind CSS in production, install it as a PostCSS plugin or use the Tailwind CLI: https://tailwindcss.com/docs/installation @ https://cdn.tailwindcss.com/?plugins=forms,container-queries:63
[  285847ms] [WARNING] cdn.tailwindcss.com should not be used in production. To use Tailwind CSS in production, install it as a PostCSS plugin or use the Tailwind CLI: https://tailwindcss.com/docs/installation @ https://cdn.tailwindcss.com/?plugins=forms,container-queries:63
[  289356ms] [WARNING] cdn.tailwindcss.com should not be used in production. To use Tailwind CSS in production, install it as a PostCSS plugin or use the Tailwind CLI: https://tailwindcss.com/docs/installation @ https://cdn.tailwindcss.com/?plugins=forms,container-queries:63
[  301661ms] [WARNING] cdn.tailwindcss.com should not be used in production. To use Tailwind CSS in production, install it as a PostCSS plugin or use the Tailwind CLI: https://tailwindcss.com/docs/installation @ https://cdn.tailwindcss.com/?plugins=forms,container-queries:63
[  302047ms] [WARNING] cdn.tailwindcss.com should not be used in production. To use Tailwind CSS in production, install it as a PostCSS plugin or use the Tailwind CLI: https://tailwindcss.com/docs/installation @ https://cdn.tailwindcss.com/?plugins=forms,container-queries:63
[  302059ms] [WARNING] cdn.tailwindcss.com should not be used in production. To use Tailwind CSS in production, install it as a PostCSS plugin or use the Tailwind CLI: https://tailwindcss.com/docs/installation @ https://cdn.tailwindcss.com/?plugins=forms,container-queries:63
[  302066ms] [WARNING] cdn.tailwindcss.com should not be used in production. To use Tailwind CSS in production, install it as a PostCSS plugin or use the Tailwind CLI: https://tailwindcss.com/docs/installation @ https://cdn.tailwindcss.com/?plugins=forms,container-queries:63
[  307243ms] [WARNING] cdn.tailwindcss.com should not be used in production. To use Tailwind CSS in production, install it as a PostCSS plugin or use the Tailwind CLI: https://tailwindcss.com/docs/installation @ https://cdn.tailwindcss.com/?plugins=forms,container-queries:63
[  309760ms] [WARNING] cdn.tailwindcss.com should not be used in production. To use Tailwind CSS in production, install it as a PostCSS plugin or use the Tailwind CLI: https://tailwindcss.com/docs/installation @ https://cdn.tailwindcss.com/?plugins=forms,container-queries:63
[  312884ms] [WARNING] cdn.tailwindcss.com should not be used in production. To use Tailwind CSS in production, install it as a PostCSS plugin or use the Tailwind CLI: https://tailwindcss.com/docs/installation @ https://cdn.tailwindcss.com/?plugins=forms,container-queries:63
[  320456ms] [WARNING] cdn.tailwindcss.com should not be used in production. To use Tailwind CSS in production, install it as a PostCSS plugin or use the Tailwind CLI: https://tailwindcss.com/docs/installation @ https://cdn.tailwindcss.com/?plugins=forms,container-queries:63
[  321488ms] [WARNING] cdn.tailwindcss.com should not be used in production. To use Tailwind CSS in production, install it as a PostCSS plugin or use the Tailwind CLI: https://tailwindcss.com/docs/installation @ https://cdn.tailwindcss.com/?plugins=forms,container-queries:63
[  323634ms] [WARNING] cdn.tailwindcss.com should not be used in production. To use Tailwind CSS in production, install it as a PostCSS plugin or use the Tailwind CLI: https://tailwindcss.com/docs/installation @ https://cdn.tailwindcss.com/?plugins=forms,container-queries:63
[  340320ms] [WARNING] cdn.tailwindcss.com should not be used in production. To use Tailwind CSS in production, install it as a PostCSS plugin or use the Tailwind CLI: https://tailwindcss.com/docs/installation @ https://cdn.tailwindcss.com/?plugins=forms,container-queries:63
[  340819ms] [WARNING] cdn.tailwindcss.com should not be used in production. To use Tailwind CSS in production, install it as a PostCSS plugin or use the Tailwind CLI: https://tailwindcss.com/docs/installation @ https://cdn.tailwindcss.com/?plugins=forms,container-queries:63
[  340826ms] [WARNING] cdn.tailwindcss.com should not be used in production. To use Tailwind CSS in production, install it as a PostCSS plugin or use the Tailwind CLI: https://tailwindcss.com/docs/installation @ https://cdn.tailwindcss.com/?plugins=forms,container-queries:63
[  340836ms] [WARNING] cdn.tailwindcss.com should not be used in production. To use Tailwind CSS in production, install it as a PostCSS plugin or use the Tailwind CLI: https://tailwindcss.com/docs/installation @ https://cdn.tailwindcss.com/?plugins=forms,container-queries:63
[  340882ms] [WARNING] cdn.tailwindcss.com should not be used in production. To use Tailwind CSS in production, install it as a PostCSS plugin or use the Tailwind CLI: https://tailwindcss.com/docs/installation @ https://cdn.tailwindcss.com/?plugins=forms,container-queries:63
[  342026ms] [WARNING] cdn.tailwindcss.com should not be used in production. To use Tailwind CSS in production, install it as a PostCSS plugin or use the Tailwind CLI: https://tailwindcss.com/docs/installation @ https://cdn.tailwindcss.com/?plugins=forms,container-queries:63
[  342376ms] [WARNING] cdn.tailwindcss.com should not be used in production. To use Tailwind CSS in production, install it as a PostCSS plugin or use the Tailwind CLI: https://tailwindcss.com/docs/installation @ https://cdn.tailwindcss.com/?plugins=forms,container-queries:63
[  349037ms] [WARNING] cdn.tailwindcss.com should not be used in production. To use Tailwind CSS in production, install it as a PostCSS plugin or use the Tailwind CLI: https://tailwindcss.com/docs/installation @ https://cdn.tailwindcss.com/?plugins=forms,container-queries:63
[  349155ms] [WARNING] cdn.tailwindcss.com should not be used in production. To use Tailwind CSS in production, install it as a PostCSS plugin or use the Tailwind CLI: https://tailwindcss.com/docs/installation @ https://cdn.tailwindcss.com/?plugins=forms,container-queries:63
[  350530ms] [WARNING] cdn.tailwindcss.com should not be used in production. To use Tailwind CSS in production, install it as a PostCSS plugin or use the Tailwind CLI: https://tailwindcss.com/docs/installation @ https://cdn.tailwindcss.com/?plugins=forms,container-queries:63
[  350778ms] [ERROR] Failed to load resource: net::ERR_CONNECTION_CLOSED @ https://www.transparenttextures.com/patterns/carbon-fibre.png:0
[  350778ms] [ERROR] Failed to load resource: net::ERR_CONNECTION_CLOSED @ https://www.transparenttextures.com/patterns/carbon-fibre.png:0
[  357544ms] [WARNING] cdn.tailwindcss.com should not be used in production. To use Tailwind CSS in production, install it as a PostCSS plugin or use the Tailwind CLI: https://tailwindcss.com/docs/installation @ https://cdn.tailwindcss.com/?plugins=forms,container-queries:63
[  350778ms] [ERROR] Failed to load resource: net::ERR_CONNECTION_CLOSED @ https://www.transparenttextures.com/patterns/carbon-fibre.png:0
[  350778ms] [ERROR] Failed to load resource: net::ERR_CONNECTION_CLOSED @ https://www.transparenttextures.com/patterns/carbon-fibre.png:0
[  361395ms] [WARNING] cdn.tailwindcss.com should not be used in production. To use Tailwind CSS in production, install it as a PostCSS plugin or use the Tailwind CLI: https://tailwindcss.com/docs/installation @ https://cdn.tailwindcss.com/?plugins=forms,container-queries:63
[  361657ms] [WARNING] cdn.tailwindcss.com should not be used in production. To use Tailwind CSS in production, install it as a PostCSS plugin or use the Tailwind CLI: https://tailwindcss.com/docs/installation @ https://cdn.tailwindcss.com/?plugins=forms,container-queries:63
[  350778ms] [ERROR] Failed to load resource: net::ERR_CONNECTION_CLOSED @ https://www.transparenttextures.com/patterns/carbon-fibre.png:0
[  368097ms] [WARNING] cdn.tailwindcss.com should not be used in production. To use Tailwind CSS in production, install it as a PostCSS plugin or use the Tailwind CLI: https://tailwindcss.com/docs/installation @ https://cdn.tailwindcss.com/?plugins=forms,container-queries:63
[  350778ms] [ERROR] Failed to load resource: net::ERR_CONNECTION_CLOSED @ https://www.transparenttextures.com/patterns/carbon-fibre.png:0
[  369201ms] [WARNING] cdn.tailwindcss.com should not be used in production. To use Tailwind CSS in production, install it as a PostCSS plugin or use the Tailwind CLI: https://tailwindcss.com/docs/installation @ https://cdn.tailwindcss.com/?plugins=forms,container-queries:63
[  350778ms] [ERROR] Failed to load resource: net::ERR_CONNECTION_CLOSED @ https://www.transparenttextures.com/patterns/carbon-fibre.png:0
[  372297ms] [WARNING] cdn.tailwindcss.com should not be used in production. To use Tailwind CSS in production, install it as a PostCSS plugin or use the Tailwind CLI: https://tailwindcss.com/docs/installation @ https://cdn.tailwindcss.com/?plugins=forms,container-queries:63
[  350778ms] [ERROR] Failed to load resource: net::ERR_CONNECTION_CLOSED @ https://www.transparenttextures.com/patterns/carbon-fibre.png:0
[  374638ms] [WARNING] cdn.tailwindcss.com should not be used in production. To use Tailwind CSS in production, install it as a PostCSS plugin or use the Tailwind CLI: https://tailwindcss.com/docs/installation @ https://cdn.tailwindcss.com/?plugins=forms,container-queries:63
[  350778ms] [ERROR] Failed to load resource: net::ERR_CONNECTION_CLOSED @ https://www.transparenttextures.com/patterns/carbon-fibre.png:0
[  388446ms] [WARNING] cdn.tailwindcss.com should not be used in production. To use Tailwind CSS in production, install it as a PostCSS plugin or use the Tailwind CLI: https://tailwindcss.com/docs/installation @ https://cdn.tailwindcss.com/?plugins=forms,container-queries:63
[  350778ms] [ERROR] Failed to load resource: net::ERR_CONNECTION_CLOSED @ https://www.transparenttextures.com/patterns/carbon-fibre.png:0
[  391569ms] [WARNING] cdn.tailwindcss.com should not be used in production. To use Tailwind CSS in production, install it as a PostCSS plugin or use the Tailwind CLI: https://tailwindcss.com/docs/installation @ https://cdn.tailwindcss.com/?plugins=forms,container-queries:63
[  350778ms] [ERROR] Failed to load resource: net::ERR_CONNECTION_CLOSED @ https://www.transparenttextures.com/patterns/carbon-fibre.png:0
[  395618ms] [WARNING] cdn.tailwindcss.com should not be used in production. To use Tailwind CSS in production, install it as a PostCSS plugin or use the Tailwind CLI: https://tailwindcss.com/docs/installation @ https://cdn.tailwindcss.com/?plugins=forms,container-queries:63
[  350778ms] [ERROR] Failed to load resource: net::ERR_CONNECTION_CLOSED @ https://www.transparenttextures.com/patterns/carbon-fibre.png:0
[  398935ms] [WARNING] cdn.tailwindcss.com should not be used in production. To use Tailwind CSS in production, install it as a PostCSS plugin or use the Tailwind CLI: https://tailwindcss.com/docs/installation @ https://cdn.tailwindcss.com/?plugins=forms,container-queries:63
[  350778ms] [ERROR] Failed to load resource: net::ERR_CONNECTION_CLOSED @ https://www.transparenttextures.com/patterns/carbon-fibre.png:0
[  403131ms] [WARNING] cdn.tailwindcss.com should not be used in production. To use Tailwind CSS in production, install it as a PostCSS plugin or use the Tailwind CLI: https://tailwindcss.com/docs/installation @ https://cdn.tailwindcss.com/?plugins=forms,container-queries:63
[  350778ms] [ERROR] Failed to load resource: net::ERR_CONNECTION_CLOSED @ https://www.transparenttextures.com/patterns/carbon-fibre.png:0
[  417756ms] [WARNING] cdn.tailwindcss.com should not be used in production. To use Tailwind CSS in production, install it as a PostCSS plugin or use the Tailwind CLI: https://tailwindcss.com/docs/installation @ https://cdn.tailwindcss.com/?plugins=forms,container-queries:63
[  350778ms] [ERROR] Failed to load resource: net::ERR_CONNECTION_CLOSED @ https://www.transparenttextures.com/patterns/carbon-fibre.png:0
[  420930ms] [WARNING] cdn.tailwindcss.com should not be used in production. To use Tailwind CSS in production, install it as a PostCSS plugin or use the Tailwind CLI: https://tailwindcss.com/docs/installation @ https://cdn.tailwindcss.com/?plugins=forms,container-queries:63
[  350778ms] [ERROR] Failed to load resource: net::ERR_CONNECTION_CLOSED @ https://www.transparenttextures.com/patterns/carbon-fibre.png:0
[  350778ms] [ERROR] Failed to load resource: net::ERR_CONNECTION_CLOSED @ https://www.transparenttextures.com/patterns/carbon-fibre.png:0
[  458661ms] [WARNING] cdn.tailwindcss.com should not be used in production. To use Tailwind CSS in production, install it as a PostCSS plugin or use the Tailwind CLI: https://tailwindcss.com/docs/installation @ https://cdn.tailwindcss.com/?plugins=forms,container-queries:63
[  459233ms] [WARNING] cdn.tailwindcss.com should not be used in production. To use Tailwind CSS in production, install it as a PostCSS plugin or use the Tailwind CLI: https://tailwindcss.com/docs/installation @ https://cdn.tailwindcss.com/?plugins=forms,container-queries:63
[  350778ms] [ERROR] Failed to load resource: net::ERR_CONNECTION_CLOSED @ https://www.transparenttextures.com/patterns/carbon-fibre.png:0
[  350778ms] [ERROR] Failed to load resource: net::ERR_CONNECTION_CLOSED @ https://www.transparenttextures.com/patterns/carbon-fibre.png:0
[  350778ms] [ERROR] Failed to load resource: net::ERR_CONNECTION_CLOSED @ https://www.transparenttextures.com/patterns/carbon-fibre.png:0
[  461784ms] [WARNING] cdn.tailwindcss.com should not be used in production. To use Tailwind CSS in production, install it as a PostCSS plugin or use the Tailwind CLI: https://tailwindcss.com/docs/installation @ https://cdn.tailwindcss.com/?plugins=forms,container-queries:63
[  462384ms] [WARNING] cdn.tailwindcss.com should not be used in production. To use Tailwind CSS in production, install it as a PostCSS plugin or use the Tailwind CLI: https://tailwindcss.com/docs/installation @ https://cdn.tailwindcss.com/?plugins=forms,container-queries:63
[  462392ms] [WARNING] cdn.tailwindcss.com should not be used in production. To use Tailwind CSS in production, install it as a PostCSS plugin or use the Tailwind CLI: https://tailwindcss.com/docs/installation @ https://cdn.tailwindcss.com/?plugins=forms,container-queries:63
[  462619ms] [LOG] Imperial Interface Loaded. Sector: 0-X Stable. @ about:srcdoc:573
[  350778ms] [ERROR] Failed to load resource: net::ERR_CONNECTION_CLOSED @ https://www.transparenttextures.com/patterns/carbon-fibre.png:0
[  466504ms] [WARNING] cdn.tailwindcss.com should not be used in production. To use Tailwind CSS in production, install it as a PostCSS plugin or use the Tailwind CLI: https://tailwindcss.com/docs/installation @ https://cdn.tailwindcss.com/?plugins=forms,container-queries:63
[  350778ms] [ERROR] Failed to load resource: net::ERR_CONNECTION_CLOSED @ https://www.transparenttextures.com/patterns/carbon-fibre.png:0
[  469374ms] [WARNING] cdn.tailwindcss.com should not be used in production. To use Tailwind CSS in production, install it as a PostCSS plugin or use the Tailwind CLI: https://tailwindcss.com/docs/installation @ https://cdn.tailwindcss.com/?plugins=forms,container-queries:63
[  469524ms] [LOG] Xylos AI Interface Initialized. @ about:srcdoc:515
[  350778ms] [ERROR] Failed to load resource: net::ERR_CONNECTION_CLOSED @ https://www.transparenttextures.com/patterns/carbon-fibre.png:0
[  470944ms] [WARNING] cdn.tailwindcss.com should not be used in production. To use Tailwind CSS in production, install it as a PostCSS plugin or use the Tailwind CLI: https://tailwindcss.com/docs/installation @ https://cdn.tailwindcss.com/?plugins=forms,container-queries:63
[  350778ms] [ERROR] Failed to load resource: net::ERR_CONNECTION_CLOSED @ https://www.transparenttextures.com/patterns/carbon-fibre.png:0
[  472132ms] [WARNING] cdn.tailwindcss.com should not be used in production. To use Tailwind CSS in production, install it as a PostCSS plugin or use the Tailwind CLI: https://tailwindcss.com/docs/installation @ https://cdn.tailwindcss.com/?plugins=forms,container-queries:63
[  350778ms] [ERROR] Failed to load resource: net::ERR_CONNECTION_CLOSED @ https://www.transparenttextures.com/patterns/carbon-fibre.png:0
[  474844ms] [WARNING] cdn.tailwindcss.com should not be used in production. To use Tailwind CSS in production, install it as a PostCSS plugin or use the Tailwind CLI: https://tailwindcss.com/docs/installation @ https://cdn.tailwindcss.com/?plugins=forms,container-queries:63
[  350778ms] [ERROR] Failed to load resource: net::ERR_CONNECTION_CLOSED @ https://www.transparenttextures.com/patterns/carbon-fibre.png:0
[  477875ms] [WARNING] cdn.tailwindcss.com should not be used in production. To use Tailwind CSS in production, install it as a PostCSS plugin or use the Tailwind CLI: https://tailwindcss.com/docs/installation @ https://cdn.tailwindcss.com/?plugins=forms,container-queries:63
[  350778ms] [ERROR] Failed to load resource: net::ERR_CONNECTION_CLOSED @ https://www.transparenttextures.com/patterns/carbon-fibre.png:0
[  485954ms] [WARNING] cdn.tailwindcss.com should not be used in production. To use Tailwind CSS in production, install it as a PostCSS plugin or use the Tailwind CLI: https://tailwindcss.com/docs/installation @ https://cdn.tailwindcss.com/?plugins=forms,container-queries:63
[  350778ms] [ERROR] Failed to load resource: net::ERR_CONNECTION_CLOSED @ https://www.transparenttextures.com/patterns/carbon-fibre.png:0
[  498661ms] [WARNING] cdn.tailwindcss.com should not be used in production. To use Tailwind CSS in production, install it as a PostCSS plugin or use the Tailwind CLI: https://tailwindcss.com/docs/installation @ https://cdn.tailwindcss.com/?plugins=forms,container-queries:63
[  350778ms] [ERROR] Failed to load resource: net::ERR_CONNECTION_CLOSED @ https://www.transparenttextures.com/patterns/carbon-fibre.png:0
[  350778ms] [ERROR] Failed to load resource: net::ERR_CONNECTION_CLOSED @ https://www.transparenttextures.com/patterns/carbon-fibre.png:0
[  540694ms] [WARNING] cdn.tailwindcss.com should not be used in production. To use Tailwind CSS in production, install it as a PostCSS plugin or use the Tailwind CLI: https://tailwindcss.com/docs/installation @ https://cdn.tailwindcss.com/?plugins=forms,container-queries:63
[  541274ms] [WARNING] cdn.tailwindcss.com should not be used in production. To use Tailwind CSS in production, install it as a PostCSS plugin or use the Tailwind CLI: https://tailwindcss.com/docs/installation @ https://cdn.tailwindcss.com/?plugins=forms,container-queries:63
[  350778ms] [ERROR] Failed to load resource: net::ERR_CONNECTION_CLOSED @ https://www.transparenttextures.com/patterns/carbon-fibre.png:0
[  543426ms] [WARNING] cdn.tailwindcss.com should not be used in production. To use Tailwind CSS in production, install it as a PostCSS plugin or use the Tailwind CLI: https://tailwindcss.com/docs/installation @ https://cdn.tailwindcss.com/?plugins=forms,container-queries:63
[  350778ms] [ERROR] Failed to load resource: net::ERR_CONNECTION_CLOSED @ https://www.transparenttextures.com/patterns/carbon-fibre.png:0
[  544868ms] [WARNING] cdn.tailwindcss.com should not be used in production. To use Tailwind CSS in production, install it as a PostCSS plugin or use the Tailwind CLI: https://tailwindcss.com/docs/installation @ https://cdn.tailwindcss.com/?plugins=forms,container-queries:63
[  350778ms] [ERROR] Failed to load resource: net::ERR_CONNECTION_CLOSED @ https://www.transparenttextures.com/patterns/carbon-fibre.png:0
[  547767ms] [WARNING] cdn.tailwindcss.com should not be used in production. To use Tailwind CSS in production, install it as a PostCSS plugin or use the Tailwind CLI: https://tailwindcss.com/docs/installation @ https://cdn.tailwindcss.com/?plugins=forms,container-queries:63
[  350778ms] [ERROR] Failed to load resource: net::ERR_CONNECTION_CLOSED @ https://www.transparenttextures.com/patterns/carbon-fibre.png:0
[  550157ms] [WARNING] cdn.tailwindcss.com should not be used in production. To use Tailwind CSS in production, install it as a PostCSS plugin or use the Tailwind CLI: https://tailwindcss.com/docs/installation @ https://cdn.tailwindcss.com/?plugins=forms,container-queries:63
[  350778ms] [ERROR] Failed to load resource: net::ERR_CONNECTION_CLOSED @ https://www.transparenttextures.com/patterns/carbon-fibre.png:0
[  552035ms] [WARNING] cdn.tailwindcss.com should not be used in production. To use Tailwind CSS in production, install it as a PostCSS plugin or use the Tailwind CLI: https://tailwindcss.com/docs/installation @ https://cdn.tailwindcss.com/?plugins=forms,container-queries:63
[  350778ms] [ERROR] Failed to load resource: net::ERR_CONNECTION_CLOSED @ https://www.transparenttextures.com/patterns/carbon-fibre.png:0
[  350778ms] [ERROR] Failed to load resource: net::ERR_CONNECTION_CLOSED @ https://www.transparenttextures.com/patterns/carbon-fibre.png:0
[  554240ms] [WARNING] cdn.tailwindcss.com should not be used in production. To use Tailwind CSS in production, install it as a PostCSS plugin or use the Tailwind CLI: https://tailwindcss.com/docs/installation @ https://cdn.tailwindcss.com/?plugins=forms,container-queries:63
[  554342ms] [WARNING] cdn.tailwindcss.com should not be used in production. To use Tailwind CSS in production, install it as a PostCSS plugin or use the Tailwind CLI: https://tailwindcss.com/docs/installation @ https://cdn.tailwindcss.com/?plugins=forms,container-queries:63
[  350778ms] [ERROR] Failed to load resource: net::ERR_CONNECTION_CLOSED @ https://www.transparenttextures.com/patterns/carbon-fibre.png:0
[  557971ms] [WARNING] cdn.tailwindcss.com should not be used in production. To use Tailwind CSS in production, install it as a PostCSS plugin or use the Tailwind CLI: https://tailwindcss.com/docs/installation @ https://cdn.tailwindcss.com/?plugins=forms,container-queries:63
[  350778ms] [ERROR] Failed to load resource: net::ERR_CONNECTION_CLOSED @ https://www.transparenttextures.com/patterns/carbon-fibre.png:0
[  582469ms] [WARNING] cdn.tailwindcss.com should not be used in production. To use Tailwind CSS in production, install it as a PostCSS plugin or use the Tailwind CLI: https://tailwindcss.com/docs/installation @ https://cdn.tailwindcss.com/?plugins=forms,container-queries:63
[  350778ms] [ERROR] Failed to load resource: net::ERR_CONNECTION_CLOSED @ https://www.transparenttextures.com/patterns/carbon-fibre.png:0
[  586489ms] [WARNING] cdn.tailwindcss.com should not be used in production. To use Tailwind CSS in production, install it as a PostCSS plugin or use the Tailwind CLI: https://tailwindcss.com/docs/installation @ https://cdn.tailwindcss.com/?plugins=forms,container-queries:63
[  350778ms] [ERROR] Failed to load resource: net::ERR_CONNECTION_CLOSED @ https://www.transparenttextures.com/patterns/carbon-fibre.png:0
[  350778ms] [ERROR] Failed to load resource: net::ERR_CONNECTION_CLOSED @ https://www.transparenttextures.com/patterns/carbon-fibre.png:0
[  350778ms] [ERROR] Failed to load resource: net::ERR_CONNECTION_CLOSED @ https://www.transparenttextures.com/patterns/carbon-fibre.png:0
[  589014ms] [WARNING] cdn.tailwindcss.com should not be used in production. To use Tailwind CSS in production, install it as a PostCSS plugin or use the Tailwind CLI: https://tailwindcss.com/docs/installation @ https://cdn.tailwindcss.com/?plugins=forms,container-queries:63
[  589165ms] [WARNING] cdn.tailwindcss.com should not be used in production. To use Tailwind CSS in production, install it as a PostCSS plugin or use the Tailwind CLI: https://tailwindcss.com/docs/installation @ https://cdn.tailwindcss.com/?plugins=forms,container-queries:63
[  589739ms] [WARNING] cdn.tailwindcss.com should not be used in production. To use Tailwind CSS in production, install it as a PostCSS plugin or use the Tailwind CLI: https://tailwindcss.com/docs/installation @ https://cdn.tailwindcss.com/?plugins=forms,container-queries:63
[  350778ms] [ERROR] Failed to load resource: net::ERR_CONNECTION_CLOSED @ https://www.transparenttextures.com/patterns/carbon-fibre.png:0
[  593508ms] [WARNING] cdn.tailwindcss.com should not be used in production. To use Tailwind CSS in production, install it as a PostCSS plugin or use the Tailwind CLI: https://tailwindcss.com/docs/installation @ https://cdn.tailwindcss.com/?plugins=forms,container-queries:63
[  350778ms] [ERROR] Failed to load resource: net::ERR_CONNECTION_CLOSED @ https://www.transparenttextures.com/patterns/carbon-fibre.png:0
[  595157ms] [WARNING] cdn.tailwindcss.com should not be used in production. To use Tailwind CSS in production, install it as a PostCSS plugin or use the Tailwind CLI: https://tailwindcss.com/docs/installation @ https://cdn.tailwindcss.com/?plugins=forms,container-queries:63
[  350778ms] [ERROR] Failed to load resource: net::ERR_CONNECTION_CLOSED @ https://www.transparenttextures.com/patterns/carbon-fibre.png:0
[  599759ms] [WARNING] cdn.tailwindcss.com should not be used in production. To use Tailwind CSS in production, install it as a PostCSS plugin or use the Tailwind CLI: https://tailwindcss.com/docs/installation @ https://cdn.tailwindcss.com/?plugins=forms,container-queries:63
[  350778ms] [ERROR] Failed to load resource: net::ERR_CONNECTION_CLOSED @ https://www.transparenttextures.com/patterns/carbon-fibre.png:0
[  350778ms] [ERROR] Failed to load resource: net::ERR_CONNECTION_CLOSED @ https://www.transparenttextures.com/patterns/carbon-fibre.png:0
[  602870ms] [WARNING] cdn.tailwindcss.com should not be used in production. To use Tailwind CSS in production, install it as a PostCSS plugin or use the Tailwind CLI: https://tailwindcss.com/docs/installation @ https://cdn.tailwindcss.com/?plugins=forms,container-queries:63
[  603783ms] [WARNING] cdn.tailwindcss.com should not be used in production. To use Tailwind CSS in production, install it as a PostCSS plugin or use the Tailwind CLI: https://tailwindcss.com/docs/installation @ https://cdn.tailwindcss.com/?plugins=forms,container-queries:63
